[
  [
    "-push-notification.$domain=~github.com",
    [
      556554
    ]
  ],
  [
    "-push-notification/$domain=~github.com",
    [
      556555
    ]
  ],
  [
    "/accusmartwebpush-fire-push-public.js",
    [
      556556
    ]
  ],
  [
    "/al-fb-notification/assets/scripts/al-main-script.js",
    [
      556557
    ]
  ],
  [
    "/amp-user-notification-",
    [
      556558
    ]
  ],
  [
    "/amp-web-push-0.1.js",
    [
      556559
    ]
  ],
  [
    "/assets/www/notification.",
    [
      556560
    ]
  ],
  [
    "/build/push.js",
    [
      556561
    ]
  ],
  [
    "/checkPush.js",
    [
      556562
    ]
  ],
  [
    "/content/js/push.js",
    [
      556563
    ]
  ],
  [
    "/fcmPush.js",
    [
      556564
    ]
  ],
  [
    "/FeedifySW.js",
    [
      556565
    ]
  ],
  [
    "/flying_push.js",
    [
      556566
    ]
  ],
  [
    "/ilabspush.min.js",
    [
      556567
    ]
  ],
  [
    "/inpl.webpush.js",
    [
      556568
    ]
  ],
  [
    "/jquery-notification.js",
    [
      556569
    ]
  ],
  [
    "/jsb/pushnotifications?",
    [
      556570
    ]
  ],
  [
    "/list_notificaciones.php",
    [
      556571
    ]
  ],
  [
    "/maximizly-push.js",
    [
      556572
    ]
  ],
  [
    "/modules/notifications.$domain=~forum.vivaldi.net",
    [
      556573
    ]
  ],
  [
    "/mp-web-notification.js",
    [
      556574
    ]
  ],
  [
    "/notification-prod-sw.js",
    [
      556575
    ]
  ],
  [
    "/notification-sw.js",
    [
      556576
    ]
  ],
  [
    "/notification/notify.js",
    [
      556577
    ]
  ],
  [
    "/notifyme.js",
    [
      556578
    ]
  ],
  [
    "/notifyme.min.js",
    [
      556579
    ]
  ],
  [
    "/one-signal.js",
    [
      556580
    ]
  ],
  [
    "/one-signal.min.js",
    [
      556581
    ]
  ],
  [
    "/onesignal.js",
    [
      556582
    ]
  ],
  [
    "/onesignal.min.",
    [
      556583
    ]
  ],
  [
    "/onesignal/manifest.",
    [
      556584
    ]
  ],
  [
    "/onesignalfix.js",
    [
      556585
    ]
  ],
  [
    "/OneSignalSDKUpdaterWorker.js",
    [
      556586
    ]
  ],
  [
    "/OneSignalSDKWorker.js",
    [
      556587
    ]
  ],
  [
    "/perfecty-push-sdk.min.js",
    [
      556588
    ]
  ],
  [
    "/plugins/tfnotifier-wp/swloader.php",
    [
      556589
    ]
  ],
  [
    "/push-notification.js",
    [
      556590
    ]
  ],
  [
    "/push-notification.min.js",
    [
      556591
    ]
  ],
  [
    "/push-notification/*$domain=~upwork.com",
    [
      556592
    ]
  ],
  [
    "/push-notifications.$~stylesheet",
    [
      556593
    ]
  ],
  [
    "/push-notifications/*",
    [
      556594
    ]
  ],
  [
    "/push-notifications?",
    [
      556595
    ]
  ],
  [
    "/push-sw.js",
    [
      556596
    ]
  ],
  [
    "/push-worker-$script",
    [
      556597
    ]
  ],
  [
    "/push-wrap.js",
    [
      556598
    ]
  ],
  [
    "/push/sbscr.js",
    [
      556599
    ]
  ],
  [
    "/push/sbscrp.js",
    [
      556600
    ]
  ],
  [
    "/push/subscribe.js",
    [
      556601
    ]
  ],
  [
    "/push_app.js",
    [
      556602
    ]
  ],
  [
    "/push_notification.js",
    [
      556603
    ]
  ],
  [
    "/push_notification.min.js",
    [
      556604
    ]
  ],
  [
    "/push_notification/*",
    [
      556605
    ]
  ],
  [
    "/push_notifications.js",
    [
      556606
    ]
  ],
  [
    "/push_subscription.js",
    [
      556607
    ]
  ],
  [
    "/pushes/firebase.js",
    [
      556608
    ]
  ],
  [
    "/pushes/notification.js",
    [
      556609
    ]
  ],
  [
    "/PushexSDK.js",
    [
      556610
    ]
  ],
  [
    "/pushly-sdk.min.js",
    [
      556611
    ]
  ],
  [
    "/pushNotification.js",
    [
      556612
    ]
  ],
  [
    "/pushNotifications.js",
    [
      556613
    ]
  ],
  [
    "/pushnotifications/*",
    [
      556614
    ]
  ],
  [
    "/pushNotificationSdkJS.js",
    [
      556615
    ]
  ],
  [
    "/pushpro-lib.js",
    [
      556616
    ]
  ],
  [
    "/pushsubscribe.js",
    [
      556617
    ]
  ],
  [
    "/pushup-notification/push-app.js",
    [
      556618
    ]
  ],
  [
    "/pushup-notification/push-messaging.js",
    [
      556619
    ]
  ],
  [
    "/pushv2.js",
    [
      556620
    ]
  ],
  [
    "/pushwoosh-service-worker.js",
    [
      556621
    ]
  ],
  [
    "/pushwoosh-web-notifications.js",
    [
      556622
    ]
  ],
  [
    "/pushwoosh-web-pushes-http-sdk.js",
    [
      556623
    ]
  ],
  [
    "/pushy-ver.js",
    [
      556624
    ]
  ],
  [
    "/scripts/onesignal.js",
    [
      556625
    ]
  ],
  [
    "/site-notification-desk.min.js",
    [
      556626
    ]
  ],
  [
    "/smio-push-notification/js/frontend_webpush.js",
    [
      556627
    ]
  ],
  [
    "/subscribe-push-notifications.js",
    [
      556628
    ]
  ],
  [
    "/web-push-notifications.js",
    [
      556629
    ]
  ],
  [
    "/web-push.js",
    [
      556630
    ]
  ],
  [
    "/web-push/init.min.js",
    [
      556631
    ]
  ],
  [
    "/webalert-notification.js",
    [
      556632
    ]
  ],
  [
    "/webnotf.js",
    [
      556633
    ]
  ],
  [
    "/webnotification.js",
    [
      556634
    ]
  ],
  [
    "/webpush-production.js",
    [
      556635
    ]
  ],
  [
    "/webpush.js",
    [
      556636
    ]
  ],
  [
    "/webpush.min.js",
    [
      556637
    ]
  ],
  [
    "/webpush_register.php",
    [
      556638
    ]
  ],
  [
    "/webPushNotifications.js",
    [
      556639
    ]
  ],
  [
    "/wonderpush-loader.min.js",
    [
      556640
    ]
  ],
  [
    "/wonderpush.js",
    [
      556641
    ]
  ],
  [
    "/wonderpush.min.js",
    [
      556642
    ]
  ],
  [
    "/wordpress-fire-push-public.js",
    [
      556643
    ]
  ],
  [
    "/wp-notification-bars-public.js",
    [
      556644
    ]
  ],
  [
    "/app-banner/*$xmlhttprequest",
    [
      556645
    ]
  ],
  [
    "/jquery.androidbanner.js",
    [
      556646
    ]
  ],
  [
    "/js-mobile-*/header_$script",
    [
      556647
    ]
  ],
  [
    "/js/jquery.smartbanner.js|",
    [
      556648
    ]
  ],
  [
    "/js/jquery.smartbanner.min.js|",
    [
      556649
    ]
  ],
  [
    "/mobile-welcome-overlay/*$script",
    [
      556650
    ]
  ],
  [
    "/smart-app-banner.js",
    [
      556651
    ]
  ],
  [
    "||api-push.com^$third-party",
    [
      556652
    ]
  ],
  [
    "||azureedge.net/js/cookie_notificacao.min.js",
    [
      556653
    ]
  ],
  [
    "||bildirnet.com^$third-party",
    [
      556654
    ]
  ],
  [
    "||braze.com^$third-party",
    [
      556655
    ]
  ],
  [
    "||cappushino.com^$third-party",
    [
      556656
    ]
  ],
  [
    "||cdn.qgr.ph^$third-party",
    [
      556657
    ]
  ],
  [
    "||cdn.qgraph.io^$third-party",
    [
      556658
    ]
  ],
  [
    "||centrnotify.com^$third-party",
    [
      556659
    ]
  ],
  [
    "||checke.biz^$third-party",
    [
      556660
    ]
  ],
  [
    "||confirmit.com^$third-party",
    [
      556661
    ]
  ],
  [
    "||conforama-push.com^$third-party",
    [
      556662
    ]
  ],
  [
    "||contentsitesrv.com/js/push/$third-party",
    [
      556663
    ]
  ],
  [
    "||css.xjsx.lol^$third-party",
    [
      556664
    ]
  ],
  [
    "||digipush.io^$third-party",
    [
      556665
    ]
  ],
  [
    "||dpns-notifications.com^$third-party",
    [
      556666
    ]
  ],
  [
    "||easyfeeed.com^$third-party",
    [
      556667
    ]
  ],
  [
    "||evolok.net^$third-party",
    [
      556668
    ]
  ],
  [
    "||farteniuson.com^$third-party",
    [
      556669
    ]
  ],
  [
    "||getnotification.me^$third-party",
    [
      556670
    ]
  ],
  [
    "||irpush.com^$third-party",
    [
      556671
    ]
  ],
  [
    "||jubi.ai/buttonbot/$script,third-party",
    [
      556672
    ]
  ],
  [
    "||krakenoptimize.com^$third-party",
    [
      556673
    ]
  ],
  [
    "||luravius.com^$third-party",
    [
      556674
    ]
  ],
  [
    "||medallia.com^*/onsite/embed.js",
    [
      556675
    ]
  ],
  [
    "||neopush.io^$third-party",
    [
      556676
    ]
  ],
  [
    "||news2day.me^$third-party",
    [
      556677
    ]
  ],
  [
    "||newsmemory.com/?meter",
    [
      556678
    ]
  ],
  [
    "||notification-time.com^$third-party",
    [
      556679
    ]
  ],
  [
    "||notification.tubecup.net^",
    [
      556680
    ]
  ],
  [
    "||notifications.ltd^$third-party",
    [
      556681
    ]
  ],
  [
    "||notifstation.com^$third-party",
    [
      556682
    ]
  ],
  [
    "||notix.io^$third-party",
    [
      556683
    ]
  ],
  [
    "||ntvsw.com^$third-party",
    [
      556684
    ]
  ],
  [
    "||partishion.com^$third-party",
    [
      556685
    ]
  ],
  [
    "||pathlime.com^$third-party",
    [
      556686
    ]
  ],
  [
    "||popmechanic.ru^$third-party",
    [
      556687
    ]
  ],
  [
    "||propush.net^$third-party",
    [
      556688
    ]
  ],
  [
    "||pt.appirits.com^$third-party",
    [
      556689
    ]
  ],
  [
    "||puscomosca.com^$third-party",
    [
      556690
    ]
  ],
  [
    "||push-centr.com^$third-party",
    [
      556691
    ]
  ],
  [
    "||push-centr.net^$third-party",
    [
      556692
    ]
  ],
  [
    "||push-engage.com^$third-party",
    [
      556693
    ]
  ],
  [
    "||push-notifications.top^$third-party",
    [
      556694
    ]
  ],
  [
    "||push-pro.net^$third-party",
    [
      556695
    ]
  ],
  [
    "||push.asahiinteractive.com^",
    [
      556696
    ]
  ],
  [
    "||push.bytesignal.com^",
    [
      556697
    ]
  ],
  [
    "||push.daksham.in^$third-party",
    [
      556698
    ]
  ],
  [
    "||push.delivery.ethinking.de^",
    [
      556699
    ]
  ],
  [
    "||push.delivery^$third-party",
    [
      556700
    ]
  ],
  [
    "||push.esputnik.com^",
    [
      556701
    ]
  ],
  [
    "||push.getbeamer.com^",
    [
      556702
    ]
  ],
  [
    "||push.knd.ro^",
    [
      556703
    ]
  ],
  [
    "||push.newscraft.io^",
    [
      556704
    ]
  ],
  [
    "||push.reamaze.com^",
    [
      556705
    ]
  ],
  [
    "||push.rollout.io^$third-party",
    [
      556706
    ]
  ],
  [
    "||push.world^$third-party",
    [
      556707
    ]
  ],
  [
    "||pushaddict.com^$third-party",
    [
      556708
    ]
  ],
  [
    "||pushango.com^$third-party",
    [
      556709
    ]
  ],
  [
    "||pushassist.com^$third-party",
    [
      556710
    ]
  ],
  [
    "||pushaya.com^$third-party",
    [
      556711
    ]
  ],
  [
    "||pushbaza.com^$third-party",
    [
      556712
    ]
  ],
  [
    "||pushbots.com^$third-party",
    [
      556713
    ]
  ],
  [
    "||pushbox.info^$third-party",
    [
      556714
    ]
  ],
  [
    "||pushcentr.com^$third-party",
    [
      556715
    ]
  ],
  [
    "||pushchev.info^$third-party",
    [
      556716
    ]
  ],
  [
    "||pushcrew.com^$third-party",
    [
      556717
    ]
  ],
  [
    "||pushdealer.com^$third-party",
    [
      556718
    ]
  ],
  [
    "||pushe.co^$third-party",
    [
      556719
    ]
  ],
  [
    "||pusherapp.com^$third-party",
    [
      556720
    ]
  ],
  [
    "||pushinpage.com^$third-party",
    [
      556721
    ]
  ],
  [
    "||pushinstruments.com^$third-party",
    [
      556722
    ]
  ],
  [
    "||pushio.com^$third-party",
    [
      556723
    ]
  ],
  [
    "||pushjunky.com^$third-party",
    [
      556724
    ]
  ],
  [
    "||pushkahouse.com^$third-party",
    [
      556725
    ]
  ],
  [
    "||pushkaplus.com^$third-party",
    [
      556726
    ]
  ],
  [
    "||pushly.com^$third-party",
    [
      556727
    ]
  ],
  [
    "||pushmaster-cdn.xyz^$third-party",
    [
      556728
    ]
  ],
  [
    "||pushmejs.com^$third-party",
    [
      556729
    ]
  ],
  [
    "||pushnews.eu^$third-party",
    [
      556730
    ]
  ],
  [
    "||pushnotifications.click^$third-party",
    [
      556731
    ]
  ],
  [
    "||pushouse.com^$third-party",
    [
      556732
    ]
  ],
  [
    "||pushowl.com^$third-party",
    [
      556733
    ]
  ],
  [
    "||pushpad.xyz^$third-party",
    [
      556734
    ]
  ],
  [
    "||pushpanda.io^$third-party",
    [
      556735
    ]
  ],
  [
    "||pushpro.io^$third-party",
    [
      556736
    ]
  ],
  [
    "||pushprofit.ru^$third-party",
    [
      556737
    ]
  ],
  [
    "||pushprospush.com^$third-party",
    [
      556738
    ]
  ],
  [
    "||pushpushgo.com^$third-party",
    [
      556739
    ]
  ],
  [
    "||pushstack.it^$third-party",
    [
      556740
    ]
  ],
  [
    "||pushtide.com^$third-party",
    [
      556741
    ]
  ],
  [
    "||pushvip.ru^$third-party",
    [
      556742
    ]
  ],
  [
    "||pushwhy.com^$third-party",
    [
      556743
    ]
  ],
  [
    "||pushy.ai^$third-party",
    [
      556744
    ]
  ],
  [
    "||quarepush.com^$third-party",
    [
      556745
    ]
  ],
  [
    "||quaruzon.com^$third-party",
    [
      556746
    ]
  ],
  [
    "||realpush.media^$third-party",
    [
      556747
    ]
  ],
  [
    "||realpush.network^$third-party",
    [
      556748
    ]
  ],
  [
    "||revpusher.com^$third-party",
    [
      556749
    ]
  ],
  [
    "||sckxppzdm.com^$third-party",
    [
      556750
    ]
  ],
  [
    "||signaly.co^$third-party",
    [
      556751
    ]
  ],
  [
    "||snrcdn.net^$third-party",
    [
      556752
    ]
  ],
  [
    "||spacepush.ru^$third-party",
    [
      556753
    ]
  ],
  [
    "||system-notify.app^$third-party",
    [
      556754
    ]
  ],
  [
    "||ternairsoftware.com/publicwebpush/",
    [
      556755
    ]
  ],
  [
    "||topswp.com^$third-party",
    [
      556756
    ]
  ],
  [
    "||unative.com^$third-party",
    [
      556757
    ]
  ],
  [
    "||viafoura.net/push_handlers.js",
    [
      556758
    ]
  ],
  [
    "||virtualpushplatform.com^$third-party",
    [
      556759
    ]
  ],
  [
    "||webpush.jp^$third-party",
    [
      556760
    ]
  ],
  [
    "||webpushr.com^$third-party",
    [
      556761
    ]
  ],
  [
    "||webpushs.com^$third-party",
    [
      556762
    ]
  ],
  [
    "||whitepush.biz^$third-party",
    [
      556763
    ]
  ],
  [
    "||worldpush.co^$third-party",
    [
      556764
    ]
  ],
  [
    "||wps.relateddigital.com^$third-party",
    [
      556765
    ]
  ],
  [
    "||wpush.biz^$third-party",
    [
      556766
    ]
  ],
  [
    "||wpushsdk.com^$third-party",
    [
      556767
    ]
  ],
  [
    "||xedo.me^$third-party",
    [
      556768
    ]
  ],
  [
    "||youlead.pl/webpushprompt.js",
    [
      556769
    ]
  ],
  [
    "||accengage.net^$third-party",
    [
      556770
    ]
  ],
  [
    "||actirinius.com^$third-party",
    [
      556771
    ]
  ],
  [
    "||aimtell.com^$third-party",
    [
      556772
    ]
  ],
  [
    "||alertme.news^$third-party",
    [
      556773
    ]
  ],
  [
    "||amazonaws.com/cdn.aimtell.com/",
    [
      556774
    ]
  ],
  [
    "||aswpsdkeu.com^$third-party",
    [
      556775
    ]
  ],
  [
    "||aswpsdkus.com^$third-party",
    [
      556776
    ]
  ],
  [
    "||bildirt.com^$third-party",
    [
      556777
    ]
  ],
  [
    "||bosspush.com^$third-party",
    [
      556778
    ]
  ],
  [
    "||browserpusher.com^$third-party",
    [
      556779
    ]
  ],
  [
    "||cdn-sitegainer.com^$third-party",
    [
      556780
    ]
  ],
  [
    "||cleverpush.com^$third-party",
    [
      556781
    ]
  ],
  [
    "||copush.com^$third-party",
    [
      556782
    ]
  ],
  [
    "||cracataum.com^$third-party",
    [
      556783
    ]
  ],
  [
    "||danorenius.com^$third-party",
    [
      556784
    ]
  ],
  [
    "||digitalpush.org^$third-party",
    [
      556785
    ]
  ],
  [
    "||edrone.me^$third-party",
    [
      556786
    ]
  ],
  [
    "||face-push.com^$third-party",
    [
      556787
    ]
  ],
  [
    "||feedify.net^$third-party",
    [
      556788
    ]
  ],
  [
    "||feraciumus.com^$third-party",
    [
      556789
    ]
  ],
  [
    "||fernomius.com^$third-party",
    [
      556790
    ]
  ],
  [
    "||fkondate.com^$third-party",
    [
      556791
    ]
  ],
  [
    "||foxpush.com^$third-party",
    [
      556792
    ]
  ],
  [
    "||foxpush.net^$third-party",
    [
      556793
    ]
  ],
  [
    "||getback.ch^$third-party",
    [
      556794
    ]
  ],
  [
    "||getpush.net^$third-party",
    [
      556795
    ]
  ],
  [
    "||getpushmonkey.com^$third-party",
    [
      556796
    ]
  ],
  [
    "||gravitec.net^$third-party",
    [
      556797
    ]
  ],
  [
    "||heroesdom.com^$third-party",
    [
      556798
    ]
  ],
  [
    "||jeeng.com^$third-party",
    [
      556799
    ]
  ],
  [
    "||kattepush.com^$third-party",
    [
      556800
    ]
  ],
  [
    "||master-push.com^$third-party",
    [
      556801
    ]
  ],
  [
    "||master-push.net^$third-party",
    [
      556802
    ]
  ],
  [
    "||misrepush.com^$third-party",
    [
      556803
    ]
  ],
  [
    "||moengage.com^$third-party",
    [
      556804
    ]
  ],
  [
    "||mp3vizor.com^$third-party",
    [
      556805
    ]
  ],
  [
    "||najva.com^$third-party",
    [
      556806
    ]
  ],
  [
    "||nativesubscribe.pro^$third-party",
    [
      556807
    ]
  ],
  [
    "||notifadz.com^$third-party",
    [
      556808
    ]
  ],
  [
    "||notifpush.com^$third-party",
    [
      556809
    ]
  ],
  [
    "||notify.solutions^$third-party",
    [
      556810
    ]
  ],
  [
    "||olgtex.com^$third-party",
    [
      556811
    ]
  ],
  [
    "||on-push.com^$third-party",
    [
      556812
    ]
  ],
  [
    "||onepush.app^$third-party",
    [
      556813
    ]
  ],
  [
    "||provesrc.com^$third-party",
    [
      556814
    ]
  ],
  [
    "||psh.one^$third-party",
    [
      556815
    ]
  ],
  [
    "||push-ad.com^$third-party",
    [
      556816
    ]
  ],
  [
    "||push-free.com^$third-party",
    [
      556817
    ]
  ],
  [
    "||push-house.net^$third-party",
    [
      556818
    ]
  ],
  [
    "||pushalert.co^$third-party",
    [
      556819
    ]
  ],
  [
    "||pushbird.com^$third-party",
    [
      556820
    ]
  ],
  [
    "||pushbullet.com^$third-party",
    [
      556821
    ]
  ],
  [
    "||pushengage.com^$third-party",
    [
      556822
    ]
  ],
  [
    "||pushex.io^$third-party",
    [
      556823
    ]
  ],
  [
    "||pushible.com^$third-party",
    [
      556824
    ]
  ],
  [
    "||pushify.com^$third-party",
    [
      556825
    ]
  ],
  [
    "||pushwoosh.com^$third-party",
    [
      556826
    ]
  ],
  [
    "||reprocautious.com^$third-party",
    [
      556827
    ]
  ],
  [
    "||sendpulse.com^$third-party",
    [
      556828
    ]
  ],
  [
    "||setrowid.com^$third-party",
    [
      556829
    ]
  ],
  [
    "||shroughtened.com^$third-party",
    [
      556830
    ]
  ],
  [
    "||sm-epsilon.com^$third-party",
    [
      556831
    ]
  ],
  [
    "||snd.tc^$third-party",
    [
      556832
    ]
  ],
  [
    "||subscribers.com^$third-party",
    [
      556833
    ]
  ],
  [
    "||truenat.bid^$third-party",
    [
      556834
    ]
  ],
  [
    "||truepush.com^$third-party",
    [
      556835
    ]
  ],
  [
    "||urbanairship.com^$third-party",
    [
      556836
    ]
  ],
  [
    "||viapush.com^$third-party",
    [
      556837
    ]
  ],
  [
    "||webpu.sh^$third-party",
    [
      556838
    ]
  ],
  [
    "||whiteclick.biz^$third-party",
    [
      556839
    ]
  ],
  [
    "||wnpbdan.bid^$third-party",
    [
      556840
    ]
  ],
  [
    "||wonderpush.com^$third-party",
    [
      556841
    ]
  ],
  [
    "||wwclicknews.club^$third-party",
    [
      556842
    ]
  ],
  [
    "||wwclicktm.club^$third-party",
    [
      556843
    ]
  ],
  [
    "||xtremepush.com^$third-party",
    [
      556844
    ]
  ],
  [
    "||app.adjust.net.in/smart_banner",
    [
      556845
    ]
  ],
  [
    "||mobi24.net^$third-party",
    [
      556846
    ]
  ],
  [
    "/firebase-messaging.js$script,domain=tribunnews.com",
    [
      556847
    ]
  ],
  [
    "||9to5terminal.com/push.js",
    [
      556848
    ]
  ],
  [
    "||abendpoint.com/dist/js/push.js",
    [
      556849
    ]
  ],
  [
    "||alerts.ndtv.com^",
    [
      556850
    ]
  ],
  [
    "||alerts.thedailystar.net^",
    [
      556851
    ]
  ],
  [
    "||alibaba.com/sw.js",
    [
      556852
    ]
  ],
  [
    "||annahar.com/assets/js/notifications.js",
    [
      556853
    ]
  ],
  [
    "||astian.org/?push_notification_sw",
    [
      556854
    ]
  ],
  [
    "||bdstatic.com/linksubmit/push.js",
    [
      556855
    ]
  ],
  [
    "||bigbangnews.com/sw.js",
    [
      556856
    ]
  ],
  [
    "||dailymail.co.uk/api/web-push-notification/",
    [
      556857
    ]
  ],
  [
    "||gadgetsnow.com/sw.cms",
    [
      556858
    ]
  ],
  [
    "||gstatic.com/firebasejs/$domain=joins.com",
    [
      556859
    ]
  ],
  [
    "||hindustantimes.com/messaging-sw.js",
    [
      556860
    ]
  ],
  [
    "||hindustantimes.com/sw.js",
    [
      556861
    ]
  ],
  [
    "||hindustantimes.com^*/ht-notification-",
    [
      556862
    ]
  ],
  [
    "||hulkprod.anm.co.uk/api/web-push-notification/",
    [
      556863
    ]
  ],
  [
    "||imyfone.com/*/notification/$script",
    [
      556864
    ]
  ],
  [
    "||indiatimes.com/pn/",
    [
      556865
    ]
  ],
  [
    "||iol.co.za/sw.js",
    [
      556866
    ]
  ],
  [
    "||kogan.com/sw.js",
    [
      556867
    ]
  ],
  [
    "||latestdeals.co.uk/sw.js",
    [
      556868
    ]
  ],
  [
    "||msn.com/bundles/v1/homePage/latest/experiences_conditional-banner",
    [
      556869
    ]
  ],
  [
    "||ndtv.com/js/breaking_pushalert_revised.js",
    [
      556870
    ]
  ],
  [
    "||ndtv.com/sw.js",
    [
      556871
    ]
  ],
  [
    "||newsukraine.rbc.ua/sworker.js",
    [
      556872
    ]
  ],
  [
    "||nookazon.com/firebase-messaging-sw.js",
    [
      556873
    ]
  ],
  [
    "||notify.hindustantimes.com^",
    [
      556874
    ]
  ],
  [
    "||phys.org/push-sw.js",
    [
      556875
    ]
  ],
  [
    "||push.cnnindonesia.com^",
    [
      556876
    ]
  ],
  [
    "||push.ictsd.org^",
    [
      556877
    ]
  ],
  [
    "||renaultsport.com/spip.php?page=sw.js",
    [
      556878
    ]
  ],
  [
    "||rottentomatoes.com/service-worker/sw.js",
    [
      556879
    ]
  ],
  [
    "||rt.com/homescreen-sw.js",
    [
      556880
    ]
  ],
  [
    "||sammobile.com/wp-content/plugins/sam-push-notifications/",
    [
      556881
    ]
  ],
  [
    "||scmp.com/sw.js",
    [
      556882
    ]
  ],
  [
    "||seattletimes.com/wp-content/plugins/st-user-messaging/$script",
    [
      556883
    ]
  ],
  [
    "||sportskeeda.com/js/production/web-notifications/",
    [
      556884
    ]
  ],
  [
    "||techwalla.com/push-service-worker.js",
    [
      556885
    ]
  ],
  [
    "||telegraphindia.com/akam-sw.js",
    [
      556886
    ]
  ],
  [
    "||timesnownews.com/sw.js",
    [
      556887
    ]
  ],
  [
    "||ultimedia.com/js/common/notification.js",
    [
      556888
    ]
  ],
  [
    "||weather.com/*.MedalliaSurvey.",
    [
      556889
    ]
  ],
  [
    "||0564.ua/assets/d6ade384/js/alertsWidget.js",
    [
      556890
    ]
  ],
  [
    "||ad-hoc-news.de/js/push.js",
    [
      556891
    ]
  ],
  [
    "||agazeta.com.br/assets/javascript/notification.js",
    [
      556892
    ]
  ],
  [
    "||cnnindonesia.com/sw.js",
    [
      556893
    ]
  ],
  [
    "||dcnews.ro/sm-",
    [
      556894
    ]
  ],
  [
    "||elpais.com.uy/utms.js",
    [
      556895
    ]
  ],
  [
    "||flashscore.fr^*/build/notifications.",
    [
      556896
    ]
  ],
  [
    "||futura-sciences.com/clientscript/push.js",
    [
      556897
    ]
  ],
  [
    "||horoscope.fr/notifications/",
    [
      556898
    ]
  ],
  [
    "||metrobilbao.eus/firebase-messaging-sw.js",
    [
      556899
    ]
  ],
  [
    "||push.idowa.de^",
    [
      556900
    ]
  ],
  [
    "||push.neko-san.fr^",
    [
      556901
    ]
  ],
  [
    "||pushme.magellanotech.it^",
    [
      556902
    ]
  ],
  [
    "||tio.ch/js/api.push.js",
    [
      556903
    ]
  ],
  [
    "||tutto.tv/wp-content/plugins/plugin-notifiche-",
    [
      556904
    ]
  ],
  [
    "||uchubiz.com/wp-content/themes/uchubiz/assets/js/push.js",
    [
      556905
    ]
  ],
  [
    "||winnipegfreepress.com/firebase-messaging-sw.js",
    [
      556906
    ]
  ],
  [
    "||static.chrono24.com/lib/generated/js/app-hint-layer.",
    [
      556907
    ]
  ],
  [
    "||tapcart.com/mobile-download-banner/banner-min.js",
    [
      556908
    ]
  ],
  [
    "@@||bostonherald.com^*/webpush.js$script,~third-party",
    [
      556909
    ]
  ],
  [
    "@@||braze.com/api/$domain=deezer.com",
    [
      556910
    ]
  ],
  [
    "@@||forums.opera.com/assets/src/modules/notifications.js$~third-party",
    [
      556911
    ]
  ],
  [
    "@@||inevent.com/js/wizard/pushNotification.js$script,~third-party",
    [
      556912
    ]
  ],
  [
    "@@||learner.mycreds.ca/assets/js/modules/notifications.min.js$~third-party",
    [
      556913
    ]
  ],
  [
    "@@||ledevoir.com/js/web-push.js$script,~third-party",
    [
      556914
    ]
  ],
  [
    "@@||oakley.com^*/notifications.js$~third-party",
    [
      556915
    ]
  ],
  [
    "@@||paste.crdroid.net/assets/js/modules/notifications.js$script,~third-party",
    [
      556916
    ]
  ],
  [
    "@@||snrcdn.net/sdk/3.0/synerise-javascript-sdk.min.js$domain=komputronik.pl",
    [
      556917
    ]
  ],
  [
    "@@||st.mycdn.me/static/*/WebPush.js$script,domain=ok.ru",
    [
      556918
    ]
  ],
  [
    "@@||webpush.jp/js/browserpushv3.js$domain=zakzak.co.jp",
    [
      556919
    ]
  ],
  [
    "@@||anadolu.edu.tr/assets/js/jquery.smartbanner.js$~third-party",
    [
      556920
    ]
  ],
  [
    "@@||assure.ameli.fr^*/smart-app-banner.js$~third-party",
    [
      556921
    ]
  ],
  [
    "@@||mafia.ua/js/jquery.smartbanner.js$script,~third-party",
    [
      556922
    ]
  ],
  [
    "@@||mirage.ru/js/jquery.smartbanner.js$script,~third-party",
    [
      556923
    ]
  ]
]