[
  [
    "sleeknotestaticcontent.sleeknote.com",
    [
      1102577
    ]
  ],
  [
    "||js.driftt.com/include$script",
    [
      1102578
    ]
  ],
  [
    "||assets.ubembed.com/universal$script",
    [
      1102579
    ]
  ],
  [
    "||lightboxcdn.com/vendor$script",
    [
      1102580
    ]
  ],
  [
    "||mailocator.net/_/$script",
    [
      1102581
    ]
  ],
  [
    "cdn1.pdmntn.com",
    [
      1102582
    ]
  ],
  [
    "||static.mailerlite.com/js$script",
    [
      1102583
    ]
  ],
  [
    "||pmdstatic.net/bundle.php$script",
    [
      1102584
    ]
  ],
  [
    "||front.optimonk.com/public/$script",
    [
      1102585
    ]
  ],
  [
    "/wp-content/plugins/newsletter-leads",
    [
      1102586
    ]
  ],
  [
    "||downloads.mailchimp.com/js/signup-forms$script",
    [
      1102587
    ]
  ],
  [
    "||conduit.mailchimpapp.com/js/stores$script",
    [
      1102588
    ]
  ],
  [
    "||a.optmnstr.com/app/js/$script",
    [
      1102589
    ]
  ],
  [
    "||getsocial.io/client$script",
    [
      1102590
    ]
  ],
  [
    "||static.ctctcdn.com/js/signup-form-widget$script,domain=~centerforhealthsecurity.org",
    [
      1102591
    ]
  ],
  [
    "||cdn.justuno.com/mwgt$script",
    [
      1102592
    ]
  ],
  [
    "||a.mailmunch.co/app/$script",
    [
      1102593
    ]
  ],
  [
    "/newsletterPopup.js",
    [
      1102594
    ]
  ],
  [
    "/pmgnews/overlay/newsletter",
    [
      1102595
    ]
  ],
  [
    "||dotmailer-surveys.com/scripts/survey.js$script",
    [
      1102596
    ]
  ],
  [
    "||yieldify.com/yieldify/code.js$script",
    [
      1102597
    ]
  ],
  [
    "||widget.privy.com/assets/widget.js$script",
    [
      1102598
    ]
  ],
  [
    "sumo.b-cdn.net",
    [
      1102599
    ]
  ],
  [
    "||connect.nosto.com/include$script",
    [
      1102600
    ]
  ],
  [
    "||chimpstatic.com/mcjs-connected/js/users$script",
    [
      1102601
    ]
  ],
  [
    "||assets.pcrl.co/js/$script",
    [
      1102602
    ]
  ],
  [
    "/wp-content/plugins/email-subscribers/widget/es-widget-page.js",
    [
      1102603
    ]
  ],
  [
    "||youlead.pl/Scripts/Dynamic.js$script",
    [
      1102604
    ]
  ],
  [
    "||m8.mailplus.nl/genericservice$script",
    [
      1102605
    ]
  ],
  [
    "||restapi.mailplus.nl/integrationservice$script",
    [
      1102606
    ]
  ],
  [
    "||snrcdn.net/sdk/$script",
    [
      1102607
    ]
  ],
  [
    "||cdn.dynamicyield.com/api$script,domain=~haix.de|~bancofalabella.cl",
    [
      1102608
    ]
  ],
  [
    "||static.newsletter2go.com/utils.js$script",
    [
      1102609
    ]
  ],
  [
    "/widget/ecNewsletterPopup/*",
    [
      1102610
    ]
  ],
  [
    "||a.optmstr.com/app/js/$script",
    [
      1102611
    ]
  ],
  [
    "||api.autopilothq.com/anywhere/$script",
    [
      1102612
    ]
  ],
  [
    "||c.salecycle.com/osr/config$script",
    [
      1102613
    ]
  ],
  [
    "/wp-content/plugins/thrive-leads/*$domain=~itnator.net",
    [
      1102614
    ]
  ],
  [
    "/wp-content/plugins/bloom/*",
    [
      1102615
    ]
  ],
  [
    "||js.hsleadflows.net/leadflows.js$script",
    [
      1102616
    ]
  ],
  [
    "/clientlib-newsletter.js",
    [
      1102617
    ]
  ],
  [
    "||c.lytics.io/static/pathfora$script",
    [
      1102618
    ]
  ],
  [
    "email-signup-form-popup.js",
    [
      1102619
    ]
  ],
  [
    "||netpeak.cloud/source/js$script",
    [
      1102620
    ]
  ],
  [
    "||bunting.com/call$script",
    [
      1102621
    ]
  ],
  [
    "||cdn.connectif.cloud/cl1/client-script/$script",
    [
      1102622
    ]
  ],
  [
    "/essb-optin-booster.js",
    [
      1102623
    ]
  ],
  [
    "f.convertkit.com",
    [
      1102624
    ]
  ],
  [
    "api.morningcatch.net",
    [
      1102625
    ]
  ],
  [
    "||shopify.privy.com/widget.js$script",
    [
      1102626
    ]
  ],
  [
    "load.sumo.com",
    [
      1102627
    ]
  ],
  [
    "||cdn.listrakbi.com/scripts/script.js$script",
    [
      1102628
    ]
  ],
  [
    "/wp-content/plugins/dreamgrow-scroll-triggered-box/*",
    [
      1102629
    ]
  ],
  [
    "||d3bo67muzbfgtl.cloudfront.net/edrone$script",
    [
      1102630
    ]
  ],
  [
    "/newsletter_modals.min.",
    [
      1102631
    ]
  ],
  [
    "my.hellobar.com",
    [
      1102632
    ]
  ],
  [
    "||screenpopper.com/s-hub$script",
    [
      1102633
    ]
  ],
  [
    "||static.scarabresearch.com/wpjs$script",
    [
      1102634
    ]
  ],
  [
    "||cdn.swellrewards.com/loader$script",
    [
      1102635
    ]
  ],
  [
    "||lifterpopup.com/js/modal.js$script",
    [
      1102636
    ]
  ],
  [
    "||lpages.co/leadbox$script",
    [
      1102637
    ]
  ],
  [
    "||cdn.crall.io/t/client.js$script",
    [
      1102638
    ]
  ],
  [
    "||a.opmnstr.com/app/js/$script",
    [
      1102639
    ]
  ],
  [
    "||app2.salesmanago.pl/dynamic$script",
    [
      1102640
    ]
  ],
  [
    "||se.monetate.net/js/$script",
    [
      1102641
    ]
  ],
  [
    "||cdn.blueconic.net/hearst.js$script",
    [
      1102642
    ]
  ],
  [
    "/js/website/modal-newsletter~rc-module-newsletter",
    [
      1102643
    ]
  ],
  [
    "||cdn.omniconvert.com/js$script",
    [
      1102644
    ]
  ],
  [
    "||cdn.omniconvert.com/async/js$script",
    [
      1102645
    ]
  ],
  [
    "/frosmo.easy.js",
    [
      1102646
    ]
  ],
  [
    "||static-sb.com/js/sb-tracker.js$script",
    [
      1102647
    ]
  ],
  [
    "||mailmojo.no/sdk.js$script",
    [
      1102648
    ]
  ],
  [
    "/wp-content/popupally-pro-scripts",
    [
      1102649
    ]
  ],
  [
    "||media-inea.ipresso.pl/monitoridentification$script",
    [
      1102650
    ]
  ],
  [
    "/wp-content/plugins/mailoptin/*",
    [
      1102651
    ]
  ],
  [
    "||a.optnmnstr.com/app/js/$script",
    [
      1102652
    ]
  ],
  [
    "||static.popmechanic.ru/service/loader.js$script",
    [
      1102653
    ]
  ],
  [
    "static.zotabox.com",
    [
      1102654
    ]
  ],
  [
    "||marketbeat.com/scripts/modal/affiliatepopup.js$script",
    [
      1102655
    ]
  ],
  [
    "||widget.pico.tools/static/js/bundle.js$script",
    [
      1102656
    ]
  ],
  [
    "||powr.io/powr.js$script",
    [
      1102657
    ]
  ],
  [
    "/wp-content/plugins/layered-popups/*",
    [
      1102658
    ]
  ],
  [
    "/wp-content/plugins/mailchimp-for-wp/*",
    [
      1102659
    ]
  ],
  [
    "||bounceexchange.com/tag$script",
    [
      1102660
    ]
  ],
  [
    "tag.bounceexchange.com",
    [
      1102661
    ]
  ],
  [
    "||leadpages.net/leadboxes/current$script",
    [
      1102662
    ]
  ],
  [
    "||flodesk.com/universal$script",
    [
      1102663
    ]
  ],
  [
    "||activehosted.com/f/embed.php$script,domain=~renegade.global",
    [
      1102664
    ]
  ],
  [
    "/wp-content/plugins/99robots-optin-fire/*",
    [
      1102665
    ]
  ],
  [
    "||getresponse.com/view_webform$script",
    [
      1102666
    ]
  ],
  [
    "/gr-popups$script",
    [
      1102667
    ]
  ],
  [
    "||get.exitintel.com/load.js$script",
    [
      1102668
    ]
  ],
  [
    "/popup-by-supsystic/*",
    [
      1102669
    ]
  ],
  [
    "||cdn.jst.ai/mwgt$script",
    [
      1102670
    ]
  ],
  [
    "||milotree.com/container$script",
    [
      1102671
    ]
  ],
  [
    "/zaius-min.js",
    [
      1102672
    ]
  ],
  [
    "/wp-content/plugins/convertplug/*$~image",
    [
      1102673
    ]
  ],
  [
    "/wp-content/plugins/optin-monster/*",
    [
      1102674
    ]
  ],
  [
    ".wisepops.com/get-loader.js",
    [
      1102675
    ]
  ],
  [
    "api.exponea.com",
    [
      1102676
    ]
  ],
  [
    "/ouibounce.min.js",
    [
      1102677
    ]
  ],
  [
    "||bluecore.com/triggermail$script",
    [
      1102678
    ]
  ],
  [
    "||cloudiq.com/tag$script",
    [
      1102679
    ]
  ],
  [
    "||leadpages.net/leadbars/current/embed.js$script",
    [
      1102680
    ]
  ],
  [
    "||s.sloyalty.com/site_media$script",
    [
      1102681
    ]
  ],
  [
    "||klaviyo.com/onsite/js/vendors~signupForms$script",
    [
      1102682
    ]
  ],
  [
    "/vidstore-popups/assets/public/js/newsletter.min.js",
    [
      1102683
    ]
  ],
  [
    "||app-abd.marketo.com/js$script",
    [
      1102684
    ]
  ],
  [
    "||omappapi.com/app$script",
    [
      1102685
    ]
  ],
  [
    "tag.getdrip.com",
    [
      1102686
    ]
  ],
  [
    "||zoho.com/js/optin$script",
    [
      1102687
    ]
  ],
  [
    "/entries?content_type=staticContentBlock&fields.id=email-capture",
    [
      1102688
    ]
  ],
  [
    "||cloud-iq.com/cartrecovery/store.js$script",
    [
      1102689
    ]
  ],
  [
    "/axnewsletter.js",
    [
      1102690
    ]
  ],
  [
    "/wp-content/plugins/popupally",
    [
      1102691
    ]
  ],
  [
    "api.omappapi.com",
    [
      1102692
    ]
  ],
  [
    "/email-capture/email-capture-",
    [
      1102693
    ]
  ],
  [
    "||californiatimes.com/newsletter-campaign-manager$script",
    [
      1102694
    ]
  ],
  [
    "||quitsnap-blue.com/js/os_engine.js$script",
    [
      1102695
    ]
  ],
  [
    "/wp-content/plugins/convertpro/*",
    [
      1102696
    ]
  ],
  [
    "/wp-content/plugins/optin-revolution/*",
    [
      1102697
    ]
  ],
  [
    "||addthis.com/js/300/addthis_widget.js$script",
    [
      1102698
    ]
  ],
  [
    "api-cis.exponea.com",
    [
      1102699
    ]
  ],
  [
    "||api.traq.li/public/sdk$script",
    [
      1102700
    ]
  ],
  [
    "tracking.retargeting.biz",
    [
      1102701
    ]
  ],
  [
    "ping.contactpigeon.com",
    [
      1102702
    ]
  ],
  [
    "/newsletter-invite.js",
    [
      1102703
    ]
  ],
  [
    "/Action-Subscribe-2019.js",
    [
      1102704
    ]
  ],
  [
    "||convertbox.com/convertbox$script",
    [
      1102705
    ]
  ],
  [
    "||birdsend.co/assets/static/js/pixel/main.js$script",
    [
      1102706
    ]
  ],
  [
    "||hd.koloo.net/oo.js$script",
    [
      1102707
    ]
  ],
  [
    "||receiptful.com/scripts/shopify.js$script",
    [
      1102708
    ]
  ],
  [
    "t2.netsalesmedia.pl",
    [
      1102709
    ]
  ],
  [
    "content.govdelivery.com",
    [
      1102710
    ]
  ],
  [
    "api.pushnami.com",
    [
      1102711
    ]
  ],
  [
    "/js/deploy/syndicated-newsletter",
    [
      1102712
    ]
  ],
  [
    "||klaviyo.com/onsite/js/signup_forms$script,domain=~ufpro.com|~worldwidestereo.com|~salada.com",
    [
      1102713
    ]
  ],
  [
    "popup.popupsmart.com",
    [
      1102714
    ]
  ],
  [
    "/mol-fe-newsletter-popup/*",
    [
      1102715
    ]
  ],
  [
    "cdn.popt.in",
    [
      1102716
    ]
  ],
  [
    "||data.whizeo.com/widgets$script",
    [
      1102717
    ]
  ],
  [
    "||securedvisit.com/js/sv.js$script",
    [
      1102718
    ]
  ],
  [
    "||dev.visualwebsiteoptimizer.com/j.php$script",
    [
      1102719
    ]
  ],
  [
    "||convertkitqa.com/ckjs$script",
    [
      1102720
    ]
  ],
  [
    "||bounceexchange.com/assets/smart-tag$script",
    [
      1102721
    ]
  ],
  [
    "||adoric-om.com/adoric.js$script",
    [
      1102722
    ]
  ],
  [
    "/wp-content/plugins/woo-coupon-box/*",
    [
      1102723
    ]
  ],
  [
    "forms.convertkit.com",
    [
      1102724
    ]
  ],
  [
    "||convertkit.com/assets^$third-party",
    [
      1102725
    ]
  ],
  [
    "||sdks.automizely.com/conversions$script",
    [
      1102726
    ]
  ],
  [
    "cdn.attn.tv",
    [
      1102727
    ]
  ],
  [
    "||cdn.threadloom.com/ga$script",
    [
      1102728
    ]
  ],
  [
    "/js/website/modal-newsletter",
    [
      1102729
    ]
  ],
  [
    "/exponea.min.js",
    [
      1102730
    ]
  ],
  [
    "||newell.evergage.com/beacon$script",
    [
      1102731
    ]
  ],
  [
    "/evergage.min.js",
    [
      1102732
    ]
  ],
  [
    "/klaviyo_subscribe.js",
    [
      1102733
    ]
  ],
  [
    "||mailcampaigns.nl/interface/popup$script",
    [
      1102734
    ]
  ],
  [
    "/next-gen/dist/NewsletterPopup",
    [
      1102735
    ]
  ],
  [
    "forms.smsbump.com",
    [
      1102736
    ]
  ],
  [
    "/mod_motivatingcoupon/facebox/*",
    [
      1102737
    ]
  ],
  [
    "||static.redeal.se/widget/js/redeal.js$script",
    [
      1102738
    ]
  ],
  [
    "||cdn.optinly.net$third-party",
    [
      1102739
    ]
  ],
  [
    "/rg_smartpopup/*",
    [
      1102740
    ]
  ],
  [
    "/alert/email_subscribe/*",
    [
      1102741
    ]
  ],
  [
    "/arengu-newsletter.js",
    [
      1102742
    ]
  ],
  [
    "/popup-newsletter-$script",
    [
      1102743
    ]
  ],
  [
    "||assets.mailerlite.com^$script",
    [
      1102744
    ]
  ],
  [
    "/ps_emailsubscription.js",
    [
      1102745
    ]
  ],
  [
    "||embedded.wishpondpages.com$third-party,subdocument",
    [
      1102746
    ]
  ],
  [
    "/hs-web-interactive-$third-party,subdocument",
    [
      1102747
    ]
  ],
  [
    "/ht_newsletterpopup",
    [
      1102748
    ]
  ],
  [
    "/avada-popup.min.js",
    [
      1102749
    ]
  ],
  [
    "||connectif.cloud^$third-party",
    [
      1102750
    ]
  ],
  [
    "||tr.vitals.co^$third-party",
    [
      1102751
    ]
  ],
  [
    "||optimove.net^$third-party",
    [
      1102752
    ]
  ],
  [
    "||sail-horizon.com^$third-party",
    [
      1102753
    ]
  ],
  [
    "/assets/section-mailing-popup.",
    [
      1102754
    ]
  ],
  [
    "/kadence-conversions.",
    [
      1102755
    ]
  ],
  [
    "||postscript.io^$third-party",
    [
      1102756
    ]
  ],
  [
    "NotificationDisclaimerControl.js$domain=vontobel.com",
    [
      1102757
    ]
  ],
  [
    "list-builder.js$domain=wanderlust.co.uk",
    [
      1102758
    ]
  ],
  [
    "/amd_modules/newsletter-hover$domain=webmd.com",
    [
      1102759
    ]
  ],
  [
    "/politica-privacidade/lightbox$domain=toysrus.pt",
    [
      1102760
    ]
  ],
  [
    "/opentag-$domain=jet2.com",
    [
      1102761
    ]
  ],
  [
    "global-lightbox.js$domain=drschollsshoes.com",
    [
      1102762
    ]
  ],
  [
    "/wpp-popup-frontend.js$domain=globalvoices.org",
    [
      1102763
    ]
  ],
  [
    "/email.js$domain=tp-link.com",
    [
      1102764
    ]
  ],
  [
    "||ibt-mail.com/view_webform$script,domain=ibtimes.com",
    [
      1102765
    ]
  ],
  [
    "/lightboxform.js$domain=tips.net",
    [
      1102766
    ]
  ],
  [
    "/esm.js$domain=yamahamotorsports.com",
    [
      1102767
    ]
  ],
  [
    "/aiosp-jsonp.js$domain=kleren.com",
    [
      1102768
    ]
  ],
  [
    "/vol-modal/*$domain=thepaintstore.com",
    [
      1102769
    ]
  ],
  [
    "||imimg.com/js/reqForms.min.js$script,domain=indiamart.com",
    [
      1102770
    ]
  ],
  [
    "try.abtasty.com$domain=leparisien.fr",
    [
      1102771
    ]
  ],
  [
    "/Action-Subscribe$domain=naturalnews.com",
    [
      1102772
    ]
  ],
  [
    "/sharing/popover.js$domain=mymemory.co.uk",
    [
      1102773
    ]
  ],
  [
    "/popup/tsr$domain=superyachtnews.com",
    [
      1102774
    ]
  ],
  [
    "/simpleSignupManager.chunk.js$domain=manning.com",
    [
      1102775
    ]
  ],
  [
    "cdn-promote.weebly.com$domain=weebly.com",
    [
      1102776
    ]
  ],
  [
    "/acquisition-tag.js$domain=latribune.fr",
    [
      1102777
    ]
  ],
  [
    "/pharmapopin/*$domain=pharmasimple.com",
    [
      1102778
    ]
  ],
  [
    "/crm.js$domain=fujifilm-x.com",
    [
      1102779
    ]
  ],
  [
    "/sven_daspopup/*$domain=adler-farbenmeister.com",
    [
      1102780
    ]
  ],
  [
    "/PopupNewsletter/GetLayer$domain=yoox.com",
    [
      1102781
    ]
  ],
  [
    "/emailcollection/*$domain=motorsport.com",
    [
      1102782
    ]
  ],
  [
    "/popoverv2.js*$domain=britishcornershop.co.uk",
    [
      1102783
    ]
  ],
  [
    "/fp-web-flyout-widget.min.js^$domain=getfirepush.com",
    [
      1102784
    ]
  ],
  [
    "/tingle.$domain=arcade1up.com",
    [
      1102785
    ]
  ],
  [
    "||tinypass.com/api/tinypass.min.js^$domain=technologyreview.com",
    [
      1102786
    ]
  ],
  [
    "/SysConsentComponent.js$domain=netpeak.net",
    [
      1102787
    ]
  ],
  [
    "||cdn.p-n.io/pushly$script",
    [
      1102788
    ]
  ],
  [
    "||app3.emlgrid.com/static/sm.js$script",
    [
      1102789
    ]
  ],
  [
    "webpush-desktop.chunk.js",
    [
      1102790
    ]
  ],
  [
    "||push4site.com/Static/Script/$script",
    [
      1102791
    ]
  ],
  [
    "cdn.ghostmonitor.com",
    [
      1102792
    ]
  ],
  [
    "notify.hindustantimes.com",
    [
      1102793
    ]
  ],
  [
    "webpush.interia.pl",
    [
      1102794
    ]
  ],
  [
    ".izooto.com/scripts",
    [
      1102795
    ]
  ],
  [
    "js.pusher.com$domain=~itv.com|~lickd.co|~foliohd.com",
    [
      1102796
    ]
  ],
  [
    "||push-ad.com/integration.php$script",
    [
      1102797
    ]
  ],
  [
    "||cdn.pushassist.com/account/assets/$script",
    [
      1102798
    ]
  ],
  [
    "||gadgets.ndtv.com/static/desktop/js/notification_popup-min.js$script",
    [
      1102799
    ]
  ],
  [
    "pusherism.com",
    [
      1102800
    ]
  ],
  [
    "pushnest.com",
    [
      1102801
    ]
  ],
  [
    "||getpushmonkey.com/sdk/config$script",
    [
      1102802
    ]
  ],
  [
    "||cdn.onesignal.com/sdks$script",
    [
      1102803
    ]
  ],
  [
    "||pushpushgo.com/js$script",
    [
      1102804
    ]
  ],
  [
    "cdn.sendpulse.com$domain=~movie4k.eu",
    [
      1102805
    ]
  ],
  [
    "||salesmanago.pl/static/sm.js$script",
    [
      1102806
    ]
  ],
  [
    "cdn.pushcrew.com",
    [
      1102807
    ]
  ],
  [
    "/streamlined-push-plugin.production.min.js",
    [
      1102808
    ]
  ],
  [
    "app.push-ad.com",
    [
      1102809
    ]
  ],
  [
    "/pushnotification/service-worker-script.js",
    [
      1102810
    ]
  ],
  [
    "/sp-push-worker.js",
    [
      1102811
    ]
  ],
  [
    "95p5qep4aq.com",
    [
      1102812
    ]
  ],
  [
    "||snrcdn.net/sdk/$script",
    [
      1102813
    ]
  ],
  [
    "via.batch.com",
    [
      1102814
    ]
  ],
  [
    "||wonderpush.com/sdk/$script",
    [
      1102815
    ]
  ],
  [
    "clientcdn.pushengage.com",
    [
      1102816
    ]
  ],
  [
    "||web-sdk.urbanairship.com/notify/$script",
    [
      1102817
    ]
  ],
  [
    "api.sociaplus.com",
    [
      1102818
    ]
  ],
  [
    "/plugins/tmx-push/*",
    [
      1102819
    ]
  ],
  [
    "/firebase-messaging.js$domain=~dn.pt|~jn.pt",
    [
      1102820
    ]
  ],
  [
    "pushno.com",
    [
      1102821
    ]
  ],
  [
    "pushwhy.com",
    [
      1102822
    ]
  ],
  [
    "pushame.com",
    [
      1102823
    ]
  ],
  [
    "||voirfilms.ws/sw.js$script",
    [
      1102824
    ]
  ],
  [
    "||siteswithcontent.com/js/push$script",
    [
      1102825
    ]
  ],
  [
    "||cdn.moengage.com/webpush$script",
    [
      1102826
    ]
  ],
  [
    "||brandflow.net/static/general/push-init-code.js$script",
    [
      1102827
    ]
  ],
  [
    "||cleverpush.com/channel/loader$script",
    [
      1102828
    ]
  ],
  [
    "||static.getback.ch/clients$script",
    [
      1102829
    ]
  ],
  [
    "/PushNotifications.",
    [
      1102830
    ]
  ],
  [
    "cdn.pushowl.com",
    [
      1102831
    ]
  ],
  [
    "||accengage.net/pushweb/$script",
    [
      1102832
    ]
  ],
  [
    "||cdn.foxpush.net/sdk/foxpush_SDK$script",
    [
      1102833
    ]
  ],
  [
    "||js.appboycdn.com/web-sdk/$script",
    [
      1102834
    ]
  ],
  [
    "||cdn.taboola.com/libtrc/tmg-network/loader.js$script",
    [
      1102835
    ]
  ],
  [
    "/js/push_subscription.js",
    [
      1102836
    ]
  ],
  [
    "||pushwoosh.com/webpush$script",
    [
      1102837
    ]
  ],
  [
    "push_service-worker.js",
    [
      1102838
    ]
  ],
  [
    "0_ghpush_client.js",
    [
      1102839
    ]
  ],
  [
    "||pastoupt.com/ntfc.php$script",
    [
      1102840
    ]
  ],
  [
    "||pushsar.com/ntfc.php$script",
    [
      1102841
    ]
  ],
  [
    "sdk.jeeng.com",
    [
      1102842
    ]
  ],
  [
    "||d3bo67muzbfgtl.cloudfront.net/edrone$script",
    [
      1102843
    ]
  ],
  [
    "||admessage.support/system_domain.js$script",
    [
      1102844
    ]
  ],
  [
    "/push/js/sdk/insider-push-native-sdk.js",
    [
      1102845
    ]
  ],
  [
    "pharance.com",
    [
      1102846
    ]
  ],
  [
    "||pushance.com/ntfc.php$script",
    [
      1102847
    ]
  ],
  [
    "||tattepush.com/push.js$script",
    [
      1102848
    ]
  ],
  [
    ".contentsitesrv.com/js/push",
    [
      1102849
    ]
  ],
  [
    "||jattepush.com/push.js$script",
    [
      1102850
    ]
  ],
  [
    "||pushanert.com/ntfc.php$script",
    [
      1102851
    ]
  ],
  [
    "/web-push/init.min.js$domain=~finanzen.ch|~finanzen.net|~finanzen.at",
    [
      1102852
    ]
  ],
  [
    "||aimtell.com/trackpush/trackpush.min.js$script",
    [
      1102853
    ]
  ],
  [
    "||hmcfront.akamaized.net/hd/extra/assets/www/notification.$script",
    [
      1102854
    ]
  ],
  [
    "/webpush.js",
    [
      1102855
    ]
  ],
  [
    "||youlead.pl/ylwebpush.js$script",
    [
      1102856
    ]
  ],
  [
    "push.delivery.ethinking.de",
    [
      1102857
    ]
  ],
  [
    "/web-push.js",
    [
      1102858
    ]
  ],
  [
    "||freeclick.me/?pu=$script",
    [
      1102859
    ]
  ],
  [
    "||cdn.pushalert.co/integrate$script",
    [
      1102860
    ]
  ],
  [
    "||cdn.gravitec.net/storage$script",
    [
      1102861
    ]
  ],
  [
    ".izooto.com/optin",
    [
      1102862
    ]
  ],
  [
    "cdn.qgraph.io",
    [
      1102863
    ]
  ],
  [
    "sw.wpush.org",
    [
      1102864
    ]
  ],
  [
    "||cdn.pn.vg/c/ig/pushnews.min.js$script",
    [
      1102865
    ]
  ],
  [
    "||subscribers.com/assets/subscribers.js$script",
    [
      1102866
    ]
  ],
  [
    "/webpush-loader.js",
    [
      1102867
    ]
  ],
  [
    "app.wigzo.com",
    [
      1102868
    ]
  ],
  [
    "app.getbeamer.com",
    [
      1102869
    ]
  ],
  [
    "api.signalize.com",
    [
      1102870
    ]
  ],
  [
    "cdn.letreach.com",
    [
      1102871
    ]
  ],
  [
    "gg.faromen.online",
    [
      1102872
    ]
  ],
  [
    "/js/webpushr.app",
    [
      1102873
    ]
  ],
  [
    "||pushwoosh.com/json$script",
    [
      1102874
    ]
  ],
  [
    "||pushpushgo.com/scripts$script",
    [
      1102875
    ]
  ],
  [
    "||hrbpark.bid/pushJs$script",
    [
      1102876
    ]
  ],
  [
    "||webpushs.com/js/push$script",
    [
      1102877
    ]
  ],
  [
    "wwopenclick.space",
    [
      1102878
    ]
  ],
  [
    "iss.shopimind.com",
    [
      1102879
    ]
  ],
  [
    "||cdn.pn.vg/push$script",
    [
      1102880
    ]
  ],
  [
    "/webpush-production.js",
    [
      1102881
    ]
  ],
  [
    "cdn.notifyvisitors.com",
    [
      1102882
    ]
  ],
  [
    "||cdn.webpushr.com/app$script",
    [
      1102883
    ]
  ],
  [
    "t2.netsalesmedia.pl",
    [
      1102884
    ]
  ],
  [
    "api.pushnami.com",
    [
      1102885
    ]
  ],
  [
    "/OneSignalSDK",
    [
      1102886
    ]
  ],
  [
    "||aswpsdkus.com/notify$script",
    [
      1102887
    ]
  ],
  [
    "/web-push-notification.js",
    [
      1102888
    ]
  ],
  [
    "/nano-webpush-ui",
    [
      1102889
    ]
  ],
  [
    "cdn.pushmaster-cdn.xyz",
    [
      1102890
    ]
  ],
  [
    "cdn.netmera-web.com",
    [
      1102891
    ]
  ],
  [
    "/smio-push-notification/*",
    [
      1102892
    ]
  ],
  [
    "/BildirtSDKfiles.js",
    [
      1102893
    ]
  ],
  [
    "cdn.onepush.app",
    [
      1102894
    ]
  ],
  [
    "||truepush.com/sdk$script",
    [
      1102895
    ]
  ],
  [
    "||assets.emarsys.net/web-emarsys-sdk/*$script",
    [
      1102896
    ]
  ],
  [
    "||notifpush.com/scripts$script",
    [
      1102897
    ]
  ],
  [
    "||js.smct.io/*/notifications*$script",
    [
      1102898
    ]
  ],
  [
    "push/push*$script",
    [
      1102899
    ]
  ],
  [
    "||pushwoosh.com^",
    [
      1102900
    ]
  ],
  [
    "/pushnotifications^",
    [
      1102901
    ]
  ],
  [
    "||sendsay.ru/backend/push/*",
    [
      1102902
    ]
  ],
  [
    "/social_push_notifications/*",
    [
      1102903
    ]
  ],
  [
    "||pushpanda.io^$third-party",
    [
      1102904
    ]
  ],
  [
    "||potisni.me/js/enable-push.js$third-party",
    [
      1102905
    ]
  ],
  [
    "/_pushAllow.js",
    [
      1102906
    ]
  ],
  [
    "/clevertap.min.js",
    [
      1102907
    ]
  ],
  [
    "plugins/tfnotifier-wp/*",
    [
      1102908
    ]
  ],
  [
    "messaging/webpush*",
    [
      1102909
    ]
  ],
  [
    "/service-webpush-firebase.js",
    [
      1102910
    ]
  ],
  [
    "/js/push.js",
    [
      1102911
    ]
  ],
  [
    "/notification.*.js$domain=~qudosbank.com.au",
    [
      1102912
    ]
  ],
  [
    "||notix.io^$third-party",
    [
      1102913
    ]
  ],
  [
    "||pushouse.com^$third-party",
    [
      1102914
    ]
  ],
  [
    "||yottlyscript.com/push/*",
    [
      1102915
    ]
  ],
  [
    "/wzrk_dialog.min.js",
    [
      1102916
    ]
  ],
  [
    "||gr-cdn-e.eu/*/push-notification^$script",
    [
      1102917
    ]
  ],
  [
    "||dengage.com^$third-party",
    [
      1102918
    ]
  ],
  [
    "/sw.js$domain=pinterest.com",
    [
      1102919
    ]
  ],
  [
    "/public/spartanien/js/sw_handler$domain=spartanien.de",
    [
      1102920
    ]
  ],
  [
    "/pushes/notification.js$domain=rt.com",
    [
      1102921
    ]
  ],
  [
    "/js/subscriber$domain=mitula.pt",
    [
      1102922
    ]
  ],
  [
    "/firebase.js$domain=alibaba.com",
    [
      1102923
    ]
  ],
  [
    "/sw.js$domain=1337x.is",
    [
      1102924
    ]
  ],
  [
    "/sw.js$domain=1337x.to",
    [
      1102925
    ]
  ],
  [
    "push-main.js$domain=ndtv.com",
    [
      1102926
    ]
  ],
  [
    "/js/adNotice.js$domain=hardwarezone.com.sg",
    [
      1102927
    ]
  ],
  [
    "/push/*$domain=tut.by",
    [
      1102928
    ]
  ],
  [
    "/firebase.min.js$domain=azoresgetaways.com",
    [
      1102929
    ]
  ],
  [
    "/firebase.js$domain=tribunavalladolid.com",
    [
      1102930
    ]
  ],
  [
    "client-.js$domain=hoerbuch.us",
    [
      1102931
    ]
  ],
  [
    "/js/a.js$domain=allevents.in",
    [
      1102932
    ]
  ],
  [
    "notifi.min.js$domain=antyradio.pl",
    [
      1102933
    ]
  ],
  [
    "/app.js$domain=lightinthebox.com",
    [
      1102934
    ]
  ],
  [
    "/min/js/sw/*$domain=sputniknews.com",
    [
      1102935
    ]
  ],
  [
    "/clientt.js$domain=cript.to",
    [
      1102936
    ]
  ],
  [
    "wsNotification.js$domain=wondershare.com",
    [
      1102937
    ]
  ],
  [
    "||tags.tiqcdn.com/utag$script,domain=national-lottery.co.uk",
    [
      1102938
    ]
  ],
  [
    "/notification-topics.js^$domain=winnipegfreepress.com",
    [
      1102939
    ]
  ],
  [
    "nebula-cdn.kampyle.com",
    [
      1102940
    ]
  ],
  [
    "||turbo.qualaroo.com/c.js$script",
    [
      1102941
    ]
  ],
  [
    "||scripts.psyma.com/layer_question$script",
    [
      1102942
    ]
  ],
  [
    "w.usabilla.com",
    [
      1102943
    ]
  ],
  [
    "||static.hotjar.com/c/hotjar$script",
    [
      1102944
    ]
  ],
  [
    "||scripts.psyma.com/html/layer/json_question.php$script",
    [
      1102945
    ]
  ],
  [
    "||visualwebsiteoptimizer.com/va_survey$script",
    [
      1102946
    ]
  ],
  [
    "gateway.answerscloud.com",
    [
      1102947
    ]
  ],
  [
    "st.getsitecontrol.com",
    [
      1102948
    ]
  ],
  [
    "||survey.g.doubleclick.net/survey$script",
    [
      1102949
    ]
  ],
  [
    "/opiniac.js",
    [
      1102950
    ]
  ],
  [
    "||ssl.ceneo.pl/shops/$script",
    [
      1102951
    ]
  ],
  [
    "||cloud.netquest.sk/scripts/widget$script",
    [
      1102952
    ]
  ],
  [
    "||storage.googleapis.com/outfox/ocs/surveys/$script",
    [
      1102953
    ]
  ],
  [
    "||kameleoon.eu/kameleoon.js$script",
    [
      1102954
    ]
  ],
  [
    "||invitation.opinionbar.com/wit/popups$script",
    [
      1102955
    ]
  ],
  [
    "||neads.delivery/opinion-seed-embed.js$script",
    [
      1102956
    ]
  ],
  [
    "||collect.mopinion.com/assets/surveys/$script",
    [
      1102957
    ]
  ],
  [
    "/runtimejs/dist/survey/js/survey.js$domain=~alchemer.eu",
    [
      1102958
    ]
  ],
  [
    "||surveygizmobeacon.s3.amazonaws.com/beaconconfigs/$script",
    [
      1102959
    ]
  ],
  [
    "||cpx.smind.hr/Log/LogData$script",
    [
      1102960
    ]
  ],
  [
    "||widget.surveymonkey.com/collect$script,domain=~onboarding.italki.com",
    [
      1102961
    ]
  ],
  [
    "||cdn.feedbackify.com/f.js$script",
    [
      1102962
    ]
  ],
  [
    "||invitation.opinionbar.com/popups$script",
    [
      1102963
    ]
  ],
  [
    "/bundles/Scripts/OpinionLab.js",
    [
      1102964
    ]
  ],
  [
    "||survey.nuggad.net/c/layer-html$script",
    [
      1102965
    ]
  ],
  [
    "||ips-invite.iperceptions.com/invitations$script",
    [
      1102966
    ]
  ],
  [
    "/oo_engine.min.js",
    [
      1102967
    ]
  ],
  [
    "||userzoom.com/feedback$script",
    [
      1102968
    ]
  ],
  [
    "||invite.leanlab.co/invite/invite.js$script",
    [
      1102969
    ]
  ],
  [
    "||userreport.com/newsquest/launcher.js$script",
    [
      1102970
    ]
  ],
  [
    "siteintercept.qualtrics.com",
    [
      1102971
    ]
  ],
  [
    "||sandsiv.com/digi_runner.js?surveyId$script",
    [
      1102972
    ]
  ],
  [
    "||digitalfeedback.euro.confirmit.com/api$script",
    [
      1102973
    ]
  ],
  [
    "||taskanalytics.com/tm.js$script",
    [
      1102974
    ]
  ],
  [
    "popup.designtutkimus.fi",
    [
      1102975
    ]
  ],
  [
    "||guitaretab.com/static/js/hats$script",
    [
      1102976
    ]
  ],
  [
    "/v1/survey_invite.min.js",
    [
      1102977
    ]
  ],
  [
    "||app.alpheid.com/js/marketing_automation$script",
    [
      1102978
    ]
  ],
  [
    "||siteimproveanalytics.com/js/siteanalyze$script",
    [
      1102979
    ]
  ],
  [
    "||cdn.judge.me/shopify_v2.js$script",
    [
      1102980
    ]
  ],
  [
    "||static.yourcx.io/customers$script",
    [
      1102981
    ]
  ],
  [
    "||webankieta.pl/scripts/widget$script",
    [
      1102982
    ]
  ],
  [
    "popin.survey-xact.dk",
    [
      1102983
    ]
  ],
  [
    "||myaudience.de/sv/rifflejs.php$script",
    [
      1102984
    ]
  ],
  [
    "||survey.survicate.com/workspaces$script",
    [
      1102985
    ]
  ],
  [
    "||tryinteract.com/promotions/init.js$script",
    [
      1102986
    ]
  ],
  [
    "||scripts.psyma.com/scripts$script",
    [
      1102987
    ]
  ],
  [
    "||surveygizmo.eu/runtimejs/intercept$script",
    [
      1102988
    ]
  ],
  [
    "widgets.opinary.com",
    [
      1102989
    ]
  ],
  [
    "||uxfeedback.ru/widget.js$script",
    [
      1102990
    ]
  ],
  [
    "||e-satisfaction.com/dist/js/integration$script",
    [
      1102991
    ]
  ],
  [
    "||gateway.foresee.com$third-party",
    [
      1102992
    ]
  ],
  [
    "/vendor/opinionlab/*$domain=lenovo.com",
    [
      1102993
    ]
  ],
  [
    "survey.js$domain=medier24.no",
    [
      1102994
    ]
  ],
  [
    "/components-nps-survey$domain=spanishdict.com",
    [
      1102995
    ]
  ],
  [
    "ExitIntentModal.js$domain=stepstone.de",
    [
      1102996
    ]
  ],
  [
    "/surveys/*$domain=europa.eu",
    [
      1102997
    ]
  ],
  [
    "||visitor.reactful.com/dist/main$script",
    [
      1102998
    ]
  ],
  [
    "/popup/puppy.js$domain=sueddeutsche.de",
    [
      1102999
    ]
  ],
  [
    "||userreport.com/aperitif/launcher.js",
    [
      1103000
    ]
  ],
  [
    "||apps.veedio.it/js/videobox$script",
    [
      1103001
    ]
  ],
  [
    "/responsive-player/video-feature-sticky.js",
    [
      1103002
    ]
  ],
  [
    "||s-pt.ppstatic.pl/p/js/regionalne/plywajace_wideo.js$script",
    [
      1103003
    ]
  ],
  [
    "/js/compiled/atoms/article/sticky-video.js",
    [
      1103004
    ]
  ],
  [
    "||sdk.digitalbees.it/jssdk.js$script",
    [
      1103005
    ]
  ],
  [
    "||live.sekindo.com/live/liveView.php$script",
    [
      1103006
    ]
  ],
  [
    "||c.jsrdn.com/s/cs.js$script",
    [
      1103007
    ]
  ],
  [
    "||playwire.com/plugins/docky.min.js$script",
    [
      1103008
    ]
  ],
  [
    "||cdn.connatix.com/min/connatix.renderer.infeed.min.js$script",
    [
      1103009
    ]
  ],
  [
    "||ultimedia.com/api/widget/smart$script",
    [
      1103010
    ]
  ],
  [
    "||stream.playbuzz.com/embed/sdk.js$script",
    [
      1103011
    ]
  ],
  [
    "||delivery.youplay.se/load.js$script",
    [
      1103012
    ]
  ],
  [
    "embed.sendtonews.com",
    [
      1103013
    ]
  ],
  [
    "/wp-content/plugins/pmc-plugins/pmc-adm/*",
    [
      1103014
    ]
  ],
  [
    "||services.brid.tv/player$script",
    [
      1103015
    ]
  ],
  [
    "||mgid.com/js/wglibs/mgWidget$script",
    [
      1103016
    ]
  ],
  [
    "/stn-player.js$domain=titantv.com",
    [
      1103017
    ]
  ],
  [
    "||vplayer.enthusiastgaming.com/player/build/plugins/slideinview/*",
    [
      1103018
    ]
  ],
  [
    "/mol-adverts-delayed.js$domain=dailymail.co.uk",
    [
      1103019
    ]
  ],
  [
    "/twocol_article_autoplay/*$domain=belfasttelegraph.co.uk",
    [
      1103020
    ]
  ],
  [
    "players.brightcove.net$domain=uproxx.com",
    [
      1103021
    ]
  ],
  [
    "/coronaWidget5/*$domain=ibtimes.sg",
    [
      1103022
    ]
  ]
]